500
0 
1 
eji-a 676
1 
2 
a-b 676
2 
1 
b-c 676
3 
2 
c-d 676
4 
1 
d-e 676
5 
2 
e-f 676
6 
1 
f-g 676
7 
2 
ejj-h 676
8 
1 
h-i 676
9 
2 
i-j 676
10 
1 
j-ba 676
11 
2 
ba-bb 676
12 
1 
bb-bc 676
13 
2 
bc-bd 676
14 
1 
bd-be 676
15 
2 
be-bf 676
16 
1 
bf-bg 676
17 
2 
bg-bh 676
18 
1 
bh-bi 676
19 
2 
bi-bj 676
20 
1 
bj-ca 676
21 
2 
ca-cb 676
22 
1 
cb-cc 676
23 
2 
cc-cd 676
24 
1 
cd-ce 676
25 
2 
ejj-cf 676
26 
1 
cf-cg 676
27 
2 
cg-ch 676
28 
1 
ch-ci 676
29 
2 
ci-cj 676
30 
1 
cj-da 676
31 
2 
da-db 676
32 
1 
db-dc 676
33 
2 
dc-dd 676
34 
1 
dd-de 676
35 
2 
de-df 676
36 
1 
df-dg 676
37 
2 
dg-dh 676
38 
1 
dh-di 676
39 
2 
di-dj 676
40 
1 
dj-ea 676
41 
2 
ea-eb 676
42 
1 
eb-ec 676
43 
2 
ec-ed 676
44 
1 
ed-ee 676
45 
2 
ee-ef 676
46 
1 
ef-eg 676
47 
2 
ejj-eh 676
48 
1 
eh-ei 676
49 
2 
ei-ej 676
50 
1 
ej-fa 676
51 
2 
fa-fb 676
52 
1 
fb-fc 676
53 
2 
fc-fd 676
54 
1 
fd-fe 676
55 
2 
fe-ff 676
56 
1 
ff-fg 676
57 
2 
ejj-fh 676
58 
1 
fh-fi 676
59 
2 
fi-fj 676
60 
1 
fj-ga 676
61 
2 
ga-gb 676
62 
1 
gb-gc 676
63 
2 
gc-gd 676
64 
1 
gd-ge 676
65 
2 
ge-gf 676
66 
1 
gf-gg 676
67 
2 
gg-gh 676
68 
1 
gh-gi 676
69 
2 
gi-gj 676
70 
1 
gj-ha 676
71 
2 
ha-hb 676
72 
1 
hb-hc 676
73 
2 
hc-hd 676
74 
1 
hd-he 676
75 
2 
he-hf 676
76 
1 
hf-hg 676
77 
2 
hg-hh 676
78 
1 
hh-hi 676
79 
2 
hi-hj 676
80 
1 
hj-ia 676
81 
2 
ia-ib 676
82 
1 
ib-ic 676
83 
2 
ic-id 676
84 
1 
id-ie 676
85 
2 
ie-if 676
86 
1 
if-ig 676
87 
2 
ig-ih 676
88 
1 
ih-ii 676
89 
2 
ejj-ij 676
90 
1 
ij-ja 676
91 
2 
ja-jb 676
92 
1 
jb-jc 676
93 
2 
jc-jd 676
94 
1 
jd-je 676
95 
2 
je-jf 676
96 
1 
jf-jg 676
97 
2 
jg-jh 676
98 
1 
jh-ji 676
99 
2 
ji-jj 676
100 
1 
jj-baa 676
101 
2 
baa-bab 676
102 
1 
bab-bac 676
103 
2 
bac-bad 676
104 
1 
bad-bae 676
105 
2 
bae-baf 676
106 
1 
baf-bag 676
107 
2 
bag-bah 676
108 
1 
bah-bai 676
109 
2 
bai-baj 676
110 
1 
baj-bba 676
111 
2 
bba-bbb 676
112 
1 
bbb-bbc 676
113 
2 
bbc-bbd 676
114 
1 
bbd-bbe 676
115 
2 
bbe-bbf 676
116 
1 
bbf-bbg 676
117 
2 
bbg-bbh 676
118 
1 
bbh-bbi 676
119 
2 
bbi-bbj 676
120 
1 
bbj-bca 676
121 
2 
bca-bcb 676
122 
1 
bcb-bcc 676
123 
2 
ejj-bcd 676
124 
1 
bcd-bce 676
125 
2 
bce-bcf 676
126 
1 
bcf-bcg 676
127 
2 
bcg-bch 676
128 
1 
bch-bci 676
129 
2 
ejj-bcj 676
130 
1 
bcj-bda 676
131 
2 
bda-bdb 676
132 
1 
bdb-bdc 676
133 
2 
bdc-bdd 676
134 
1 
bdd-bde 676
135 
2 
bde-bdf 676
136 
1 
bdf-bdg 676
137 
2 
bdg-bdh 676
138 
1 
bdh-bdi 676
139 
2 
bdi-bdj 676
140 
1 
bdj-bea 676
141 
2 
bea-beb 676
142 
1 
beb-bec 676
143 
2 
bec-bed 676
144 
1 
bed-bee 676
145 
2 
bee-bef 676
146 
1 
bef-beg 676
147 
2 
beg-beh 676
148 
1 
beh-bei 676
149 
2 
bei-bej 676
150 
1 
bej-bfa 676
151 
2 
bfa-bfb 676
152 
1 
bfb-bfc 676
153 
2 
bfc-bfd 676
154 
1 
bfd-bfe 676
155 
2 
bfe-bff 676
156 
1 
bff-bfg 676
157 
2 
bfg-bfh 676
158 
1 
bfh-bfi 676
159 
2 
bfi-bfj 676
160 
1 
bfj-bga 676
161 
2 
bga-bgb 676
162 
1 
bgb-bgc 676
163 
2 
bgc-bgd 676
164 
1 
bgd-bge 676
165 
2 
bge-bgf 676
166 
1 
bgf-bgg 676
167 
2 
bgg-bgh 676
168 
1 
bgh-bgi 676
169 
2 
bgi-bgj 676
170 
1 
bgj-bha 676
171 
2 
bha-bhb 676
172 
1 
bhb-bhc 676
173 
2 
bhc-bhd 676
174 
1 
bhd-bhe 676
175 
2 
bhe-bhf 676
176 
1 
bhf-bhg 676
177 
2 
bhg-bhh 676
178 
1 
bhh-bhi 676
179 
2 
bhi-bhj 676
180 
1 
bhj-bia 676
181 
2 
bia-bib 676
182 
1 
bib-bic 676
183 
2 
bic-bid 676
184 
1 
bid-bie 676
185 
2 
bie-bif 676
186 
1 
bif-big 676
187 
2 
big-bih 676
188 
1 
bih-bii 676
189 
2 
ejj-bij 676
190 
1 
bij-bja 676
191 
2 
bja-bjb 676
192 
1 
bjb-bjc 676
193 
2 
bjc-bjd 676
194 
1 
bjd-bje 676
195 
2 
bje-bjf 676
196 
1 
bjf-bjg 676
197 
2 
bjg-bjh 676
198 
1 
bjh-bji 676
199 
2 
bji-bjj 676
200 
1 
bjj-caa 676
201 
2 
caa-cab 676
202 
1 
cab-cac 676
203 
2 
cac-cad 676
204 
1 
cad-cae 676
205 
2 
cae-caf 676
206 
1 
caf-cag 676
207 
2 
cag-cah 676
208 
1 
cah-cai 676
209 
2 
cai-caj 676
210 
1 
caj-cba 676
211 
2 
cba-cbb 676
212 
1 
cbb-cbc 676
213 
2 
cbc-cbd 676
214 
1 
cbd-cbe 676
215 
2 
cbe-cbf 676
216 
1 
cbf-cbg 676
217 
2 
ejj-cbh 676
218 
1 
cbh-cbi 676
219 
2 
cbi-cbj 676
220 
1 
cbj-cca 676
221 
2 
cca-ccb 676
222 
1 
ccb-ccc 676
223 
2 
ccc-ccd 676
224 
1 
ccd-cce 676
225 
2 
cce-ccf 676
226 
1 
ccf-ccg 676
227 
2 
ccg-cch 676
228 
1 
cch-cci 676
229 
2 
cci-ccj 676
230 
1 
ccj-cda 676
231 
2 
cda-cdb 676
232 
1 
cdb-cdc 676
233 
2 
cdc-cdd 676
234 
1 
cdd-cde 676
235 
2 
cde-cdf 676
236 
1 
cdf-cdg 676
237 
2 
cdg-cdh 676
238 
1 
cdh-cdi 676
239 
2 
ejj-cdj 676
240 
1 
cdj-cea 676
241 
2 
cea-ceb 676
242 
1 
ceb-cec 676
243 
2 
cec-ced 676
244 
1 
ced-cee 676
245 
2 
cee-cef 676
246 
1 
cef-ceg 676
247 
2 
ceg-ceh 676
248 
1 
ceh-cei 676
249 
2 
cei-cej 676
250 
1 
cej-cfa 676
251 
2 
cfa-cfb 676
252 
1 
cfb-cfc 676
253 
2 
ejj-cfd 676
254 
1 
cfd-cfe 676
255 
2 
cfe-cff 676
256 
1 
cff-cfg 676
257 
2 
cfg-cfh 676
258 
1 
cfh-cfi 676
259 
2 
cfi-cfj 676
260 
1 
cfj-cga 676
261 
2 
cga-cgb 676
262 
1 
cgb-cgc 676
263 
2 
cgc-cgd 676
264 
1 
cgd-cge 676
265 
2 
cge-cgf 676
266 
1 
cgf-cgg 676
267 
2 
cgg-cgh 676
268 
1 
cgh-cgi 676
269 
2 
cgi-cgj 676
270 
1 
cgj-cha 676
271 
2 
ejj-chb 676
272 
1 
chb-chc 676
273 
2 
chc-chd 676
274 
1 
chd-che 676
275 
2 
che-chf 676
276 
1 
chf-chg 676
277 
2 
chg-chh 676
278 
1 
chh-chi 676
279 
2 
chi-chj 676
280 
1 
chj-cia 676
281 
2 
cia-cib 676
282 
1 
cib-cic 676
283 
2 
cic-cid 676
284 
1 
cid-cie 676
285 
2 
cie-cif 676
286 
1 
cif-cig 676
287 
2 
cig-cih 676
288 
1 
cih-cii 676
289 
2 
cii-cij 676
290 
1 
cij-cja 676
291 
2 
cja-cjb 676
292 
1 
cjb-cjc 676
293 
2 
cjc-cjd 676
294 
1 
cjd-cje 676
295 
2 
cje-cjf 676
296 
1 
cjf-cjg 676
297 
2 
cjg-cjh 676
298 
1 
cjh-cji 676
299 
2 
cji-cjj 676
300 
1 
cjj-daa 676
301 
2 
daa-dab 676
302 
1 
dab-dac 676
303 
2 
dac-dad 676
304 
1 
dad-dae 676
305 
2 
dae-daf 676
306 
1 
daf-dag 676
307 
2 
dag-dah 676
308 
1 
dah-dai 676
309 
2 
dai-daj 676
310 
1 
daj-dba 676
311 
2 
dba-dbb 676
312 
1 
dbb-dbc 676
313 
2 
dbc-dbd 676
314 
1 
dbd-dbe 676
315 
2 
dbe-dbf 676
316 
1 
dbf-dbg 676
317 
2 
dbg-dbh 676
318 
1 
dbh-dbi 676
319 
2 
dbi-dbj 676
320 
1 
dbj-dca 676
321 
2 
dca-dcb 676
322 
1 
dcb-dcc 676
323 
2 
dcc-dcd 676
324 
1 
dcd-dce 676
325 
2 
dce-dcf 676
326 
1 
dcf-dcg 676
327 
2 
dcg-dch 676
328 
1 
dch-dci 676
329 
2 
dci-dcj 676
330 
1 
dcj-dda 676
331 
2 
dda-ddb 676
332 
1 
ddb-ddc 676
333 
2 
ddc-ddd 676
334 
1 
ddd-dde 676
335 
2 
dde-ddf 676
336 
1 
ddf-ddg 676
337 
2 
ddg-ddh 676
338 
1 
ddh-ddi 676
339 
2 
ddi-ddj 676
340 
1 
ddj-dea 676
341 
2 
ejj-deb 676
342 
1 
deb-dec 676
343 
2 
dec-ded 676
344 
1 
ded-dee 676
345 
2 
dee-def 676
346 
1 
def-deg 676
347 
2 
deg-deh 676
348 
1 
deh-dei 676
349 
2 
dei-dej 676
350 
1 
dej-dfa 676
351 
2 
dfa-dfb 676
352 
1 
dfb-dfc 676
353 
2 
dfc-dfd 676
354 
1 
dfd-dfe 676
355 
2 
dfe-dff 676
356 
1 
dff-dfg 676
357 
2 
dfg-dfh 676
358 
1 
dfh-dfi 676
359 
2 
dfi-dfj 676
360 
1 
dfj-dga 676
361 
2 
dga-dgb 676
362 
1 
dgb-dgc 676
363 
2 
dgc-dgd 676
364 
1 
dgd-dge 676
365 
2 
dge-dgf 676
366 
1 
dgf-dgg 676
367 
2 
dgg-dgh 676
368 
1 
dgh-dgi 676
369 
2 
dgi-dgj 676
370 
1 
dgj-dha 676
371 
2 
dha-dhb 676
372 
1 
dhb-dhc 676
373 
2 
dhc-dhd 676
374 
1 
dhd-dhe 676
375 
2 
dhe-dhf 676
376 
1 
dhf-dhg 676
377 
2 
dhg-dhh 676
378 
1 
dhh-dhi 676
379 
2 
dhi-dhj 676
380 
1 
dhj-dia 676
381 
2 
dia-dib 676
382 
1 
dib-dic 676
383 
2 
dic-did 676
384 
1 
did-die 676
385 
2 
die-dif 676
386 
1 
dif-dig 676
387 
2 
dig-dih 676
388 
1 
dih-dii 676
389 
2 
dii-dij 676
390 
1 
dij-dja 676
391 
2 
dja-djb 676
392 
1 
djb-djc 676
393 
2 
djc-djd 676
394 
1 
djd-dje 676
395 
2 
dje-djf 676
396 
1 
djf-djg 676
397 
2 
djg-djh 676
398 
1 
djh-dji 676
399 
2 
dji-djj 676
400 
1 
djj-eaa 676
401 
2 
eaa-eab 676
402 
1 
eab-eac 676
403 
2 
eac-ead 676
404 
1 
ead-eae 676
405 
2 
eae-eaf 676
406 
1 
eaf-eag 676
407 
2 
eag-eah 676
408 
1 
eah-eai 676
409 
2 
eai-eaj 676
410 
1 
eaj-eba 676
411 
2 
eba-ebb 676
412 
1 
ebb-ebc 676
413 
2 
ebc-ebd 676
414 
1 
ebd-ebe 676
415 
2 
ebe-ebf 676
416 
1 
ebf-ebg 676
417 
2 
ebg-ebh 676
418 
1 
ebh-ebi 676
419 
2 
ebi-ebj 676
420 
1 
ebj-eca 676
421 
2 
eca-ecb 676
422 
1 
ecb-ecc 676
423 
2 
ecc-ecd 676
424 
1 
ecd-ece 676
425 
2 
ece-ecf 676
426 
1 
ecf-ecg 676
427 
2 
ecg-ech 676
428 
1 
ech-eci 676
429 
2 
eci-ecj 676
430 
1 
ecj-eda 676
431 
2 
eda-edb 676
432 
1 
edb-edc 676
433 
2 
edc-edd 676
434 
1 
edd-ede 676
435 
2 
ede-edf 676
436 
1 
edf-edg 676
437 
2 
edg-edh 676
438 
1 
edh-edi 676
439 
2 
edi-edj 676
440 
1 
edj-eea 676
441 
2 
eea-eeb 676
442 
1 
eeb-eec 676
443 
2 
eec-eed 676
444 
1 
eed-eee 676
445 
2 
eee-eef 676
446 
1 
eef-eeg 676
447 
2 
eeg-eeh 676
448 
1 
eeh-eei 676
449 
2 
eei-eej 676
450 
1 
eej-efa 676
451 
2 
efa-efb 676
452 
1 
efb-efc 676
453 
2 
ejj-efd 676
454 
1 
efd-efe 676
455 
2 
efe-eff 676
456 
1 
eff-efg 676
457 
2 
efg-efh 676
458 
1 
efh-efi 676
459 
2 
efi-efj 676
460 
1 
efj-ega 676
461 
2 
ega-egb 676
462 
1 
egb-egc 676
463 
2 
egc-egd 676
464 
1 
egd-ege 676
465 
2 
ege-egf 676
466 
1 
egf-egg 676
467 
2 
ejj-egh 676
468 
1 
egh-egi 676
469 
2 
egi-egj 676
470 
1 
egj-eha 676
471 
2 
eha-ehb 676
472 
1 
ehb-ehc 676
473 
2 
ehc-ehd 676
474 
1 
ehd-ehe 676
475 
2 
ehe-ehf 676
476 
1 
ehf-ehg 676
477 
2 
ehg-ehh 676
478 
1 
ehh-ehi 676
479 
2 
ehi-ehj 676
480 
1 
ehj-eia 676
481 
2 
eia-eib 676
482 
1 
eib-eic 676
483 
2 
eic-eid 676
484 
1 
eid-eie 676
485 
2 
eie-eif 676
486 
1 
eif-eig 676
487 
2 
eig-eih 676
488 
1 
eih-eii 676
489 
2 
ejj-eij 676
490 
1 
eij-eja 676
491 
2 
eja-ejb 676
492 
1 
ejb-ejc 676
493 
2 
ejc-ejd 676
494 
1 
ejd-eje 676
495 
2 
eje-ejf 676
496 
1 
ejf-ejg 676
497 
2 
ejg-ejh 676
498 
1 
ejh-eji 676
499 
250 
dba-ejj 676
