1662
0 
29 
cd-a 1992
1 
31 
dab-b 1992
2 
29 
fcd-c 1992
3 
28 
ii-d 1992
4 
24 
hic-e 1992
5 
30 
bdjf-f 1992
6 
26 
gic-g 1992
7 
16 
bfa-h 1992
8 
24 
geg-i 1992
9 
25 
fbj-j 1992
10 
23 
bdi-ba 1992
11 
25 
bee-bb 1992
12 
24 
dgf-bc 1992
13 
25 
bejh-bd 1992
14 
35 
beai-be 1992
15 
20 
hi-bf 1992
16 
30 
bdii-bg 1992
17 
30 
ihi-bh 1992
18 
25 
fic-bi 1992
19 
25 
dhf-bj 1992
20 
15 
gjh-ca 1992
21 
27 
edb-cb 1992
22 
23 
dgf-cc 1992
23 
18 
dbg-cd 1992
24 
19 
jag-ce 1992
25 
27 
eac-cf 1992
26 
18 
bd-cg 1992
27 
18 
jgg-ch 1992
28 
22 
bffg-ci 1992
29 
23 
bfgd-cj 1992
30 
18 
fai-da 1992
31 
18 
bbde-db 1992
32 
20 
iej-dc 1992
33 
15 
babg-dd 1992
34 
15 
di-de 1992
35 
16 
bfgb-df 1992
36 
24 
hah-dg 1992
37 
20 
bagf-dh 1992
38 
26 
haf-di 1992
39 
20 
cbh-dj 1992
40 
22 
jjh-ea 1992
41 
23 
bbfc-eb 1992
42 
11 
cdc-ec 1992
43 
16 
bcia-ed 1992
44 
24 
bacc-ee 1992
45 
18 
ige-ef 1992
46 
17 
ggg-eg 1992
47 
25 
gdh-eh 1992
48 
19 
jfj-ei 1992
49 
29 
baig-ej 1992
50 
16 
dhe-fa 1992
51 
12 
bdc-fb 1992
52 
14 
bfch-fc 1992
53 
17 
je-fd 1992
54 
19 
jic-fe 1992
55 
17 
gb-ff 1992
56 
21 
bfaf-fg 1992
57 
11 
bejb-fh 1992
58 
20 
bfdg-fi 1992
59 
19 
dbg-fj 1992
60 
11 
fga-ga 1992
61 
23 
bbjc-gb 1992
62 
15 
gge-gc 1992
63 
17 
bfgc-gd 1992
64 
23 
g-ge 1992
65 
19 
cgh-gf 1992
66 
20 
bfjf-gg 1992
67 
20 
bddh-gh 1992
68 
21 
bcff-gi 1992
69 
15 
gjj-gj 1992
70 
17 
db-ha 1992
71 
17 
efh-hb 1992
72 
17 
ejc-hc 1992
73 
8 
ch-hd 1992
74 
16 
bcjc-he 1992
75 
17 
hie-hf 1992
76 
17 
bja-hg 1992
77 
16 
gcj-hh 1992
78 
16 
baec-hi 1992
79 
14 
jfc-hj 1992
80 
22 
bfeh-ia 1992
81 
17 
ghd-ib 1992
82 
20 
bedh-ic 1992
83 
5 
eab-id 1992
84 
20 
bjd-ie 1992
85 
18 
bcge-if 1992
86 
24 
baif-ig 1992
87 
14 
cgh-ih 1992
88 
15 
chf-ii 1992
89 
19 
bcd-ij 1992
90 
17 
hij-ja 1992
91 
16 
jc-jb 1992
92 
23 
babi-jc 1992
93 
18 
cae-jd 1992
94 
20 
bfc-je 1992
95 
16 
gbd-jf 1992
96 
15 
daf-jg 1992
97 
11 
bbfg-jh 1992
98 
19 
bdjh-ji 1992
99 
12 
bcee-jj 1992
100 
16 
dig-baa 1992
101 
10 
chf-bab 1992
102 
13 
bfe-bac 1992
103 
13 
jid-bad 1992
104 
9 
bdga-bae 1992
105 
12 
bdbh-baf 1992
106 
24 
bfce-bag 1992
107 
19 
gjh-bah 1992
108 
9 
cfj-bai 1992
109 
16 
eg-baj 1992
110 
15 
gdc-bba 1992
111 
22 
fdh-bbb 1992
112 
20 
chf-bbc 1992
113 
15 
bja-bbd 1992
114 
11 
ehd-bbe 1992
115 
17 
bei-bbf 1992
116 
20 
iff-bbg 1992
117 
13 
bacc-bbh 1992
118 
21 
beeh-bbi 1992
119 
17 
fag-bbj 1992
120 
17 
eae-bca 1992
121 
18 
fba-bcb 1992
122 
13 
bbff-bcc 1992
123 
10 
eed-bcd 1992
124 
13 
gef-bce 1992
125 
9 
cea-bcf 1992
126 
20 
dbg-bcg 1992
127 
12 
gad-bch 1992
128 
14 
bbhe-bci 1992
129 
9 
iff-bcj 1992
130 
16 
ffa-bda 1992
131 
19 
efd-bdb 1992
132 
16 
fee-bdc 1992
133 
14 
bcgc-bdd 1992
134 
18 
iah-bde 1992
135 
13 
hcg-bdf 1992
136 
17 
bahh-bdg 1992
137 
14 
jjg-bdh 1992
138 
13 
iic-bdi 1992
139 
17 
geh-bdj 1992
140 
17 
dgc-bea 1992
141 
11 
hia-beb 1992
142 
15 
hea-bec 1992
143 
15 
cd-bed 1992
144 
23 
bgbe-bee 1992
145 
15 
dai-bef 1992
146 
11 
bef-beg 1992
147 
13 
ieh-beh 1992
148 
17 
jca-bei 1992
149 
13 
fif-bej 1992
150 
8 
cjd-bfa 1992
151 
13 
bdji-bfb 1992
152 
15 
dcb-bfc 1992
153 
11 
cie-bfd 1992
154 
12 
dch-bfe 1992
155 
11 
eec-bff 1992
156 
12 
bgac-bfg 1992
157 
14 
eaa-bfh 1992
158 
27 
bgci-bfi 1992
159 
11 
jjj-bfj 1992
160 
10 
hbd-bga 1992
161 
7 
hea-bgb 1992
162 
10 
bdeh-bgc 1992
163 
10 
edg-bgd 1992
164 
6 
hci-bge 1992
165 
13 
iaa-bgf 1992
166 
19 
ehg-bgg 1992
167 
12 
dbg-bgh 1992
168 
15 
daj-bgi 1992
169 
14 
hch-bgj 1992
170 
10 
gi-bha 1992
171 
17 
hhd-bhb 1992
172 
10 
bbfd-bhc 1992
173 
11 
eed-bhd 1992
174 
8 
daa-bhe 1992
175 
10 
bci-bhf 1992
176 
11 
cdi-bhg 1992
177 
15 
efe-bhh 1992
178 
8 
eaj-bhi 1992
179 
12 
bafb-bhj 1992
180 
13 
cch-bia 1992
181 
12 
eae-bib 1992
182 
9 
baa-bic 1992
183 
12 
beh-bid 1992
184 
14 
hdd-bie 1992
185 
13 
bgcg-bif 1992
186 
13 
deg-big 1992
187 
12 
bcff-bih 1992
188 
11 
bcej-bii 1992
189 
12 
cha-bij 1992
190 
9 
dca-bja 1992
191 
12 
bbee-bjb 1992
192 
13 
baad-bjc 1992
193 
9 
hdg-bjd 1992
194 
9 
ecd-bje 1992
195 
13 
baff-bjf 1992
196 
7 
dih-bjg 1992
197 
15 
cd-bjh 1992
198 
19 
beeb-bji 1992
199 
9 
baad-bjj 1992
200 
15 
djj-caa 1992
201 
10 
bdg-cab 1992
202 
16 
dbf-cac 1992
203 
11 
icg-cad 1992
204 
15 
bcb-cae 1992
205 
13 
bafb-caf 1992
206 
12 
cie-cag 1992
207 
11 
bebe-cah 1992
208 
9 
jda-cai 1992
209 
8 
eji-caj 1992
210 
15 
bbjf-cba 1992
211 
8 
cge-cbb 1992
212 
11 
efg-cbc 1992
213 
12 
jfc-cbd 1992
214 
17 
bbcc-cbe 1992
215 
15 
bff-cbf 1992
216 
10 
becj-cbg 1992
217 
11 
bhi-cbh 1992
218 
16 
ede-cbi 1992
219 
15 
gjj-cbj 1992
220 
21 
bbdb-cca 1992
221 
10 
bjj-ccb 1992
222 
11 
jfh-ccc 1992
223 
15 
bajb-ccd 1992
224 
8 
bceh-cce 1992
225 
19 
ihi-ccf 1992
226 
14 
bahi-ccg 1992
227 
10 
egd-cch 1992
228 
9 
bgbg-cci 1992
229 
10 
hji-ccj 1992
230 
6 
ejd-cda 1992
231 
13 
ejg-cdb 1992
232 
16 
ddj-cdc 1992
233 
7 
bebi-cdd 1992
234 
11 
hhb-cde 1992
235 
14 
fjc-cdf 1992
236 
13 
dff-cdg 1992
237 
11 
bbja-cdh 1992
238 
12 
beha-cdi 1992
239 
10 
ega-cdj 1992
240 
10 
jaj-cea 1992
241 
7 
bdea-ceb 1992
242 
7 
bajb-cec 1992
243 
7 
bbgc-ced 1992
244 
9 
ic-cee 1992
245 
16 
bha-cef 1992
246 
8 
cah-ceg 1992
247 
5 
eeg-ceh 1992
248 
13 
fhi-cei 1992
249 
14 
bh-cej 1992
250 
11 
bdhb-cfa 1992
251 
9 
fhe-cfb 1992
252 
12 
gef-cfc 1992
253 
8 
bchd-cfd 1992
254 
4 
ijc-cfe 1992
255 
8 
ejg-cff 1992
256 
19 
bbdg-cfg 1992
257 
14 
cie-cfh 1992
258 
8 
dhi-cfi 1992
259 
9 
cfi-cfj 1992
260 
7 
bcjf-cga 1992
261 
7 
da-cgb 1992
262 
12 
ica-cgc 1992
263 
10 
dcf-cgd 1992
264 
12 
bfc-cge 1992
265 
10 
bgbh-cgf 1992
266 
8 
fhc-cgg 1992
267 
8 
bdhc-cgh 1992
268 
16 
baaa-cgi 1992
269 
9 
ifi-cgj 1992
270 
8 
ged-cha 1992
271 
8 
bcbi-chb 1992
272 
12 
jhd-chc 1992
273 
8 
bfbg-chd 1992
274 
12 
befj-che 1992
275 
18 
eca-chf 1992
276 
12 
iab-chg 1992
277 
5 
ca-chh 1992
278 
11 
bbc-chi 1992
279 
13 
hhi-chj 1992
280 
9 
eie-cia 1992
281 
11 
eha-cib 1992
282 
7 
dhi-cic 1992
283 
13 
cjb-cid 1992
284 
13 
jfi-cie 1992
285 
12 
bcja-cif 1992
286 
10 
hbj-cig 1992
287 
3 
icg-cih 1992
288 
12 
baha-cii 1992
289 
13 
dgf-cij 1992
290 
8 
hcj-cja 1992
291 
12 
beba-cjb 1992
292 
10 
bfgi-cjc 1992
293 
5 
bdaa-cjd 1992
294 
4 
cea-cje 1992
295 
9 
dba-cjf 1992
296 
3 
cgb-cjg 1992
297 
9 
jfd-cjh 1992
298 
12 
bdce-cji 1992
299 
11 
jah-cjj 1992
300 
8 
bfde-daa 1992
301 
11 
hi-dab 1992
302 
5 
dce-dac 1992
303 
7 
gfd-dad 1992
304 
11 
bcib-dae 1992
305 
10 
badi-daf 1992
306 
6 
hcd-dag 1992
307 
12 
ggg-dah 1992
308 
11 
bchi-dai 1992
309 
10 
geh-daj 1992
310 
8 
hhj-dba 1992
311 
15 
eaa-dbb 1992
312 
9 
hca-dbc 1992
313 
6 
gcb-dbd 1992
314 
11 
bcaf-dbe 1992
315 
10 
gib-dbf 1992
316 
7 
iag-dbg 1992
317 
8 
fha-dbh 1992
318 
6 
edd-dbi 1992
319 
7 
dhd-dbj 1992
320 
8 
jbi-dca 1992
321 
12 
gad-dcb 1992
322 
14 
jah-dcc 1992
323 
10 
cg-dcd 1992
324 
6 
jef-dce 1992
325 
13 
bbja-dcf 1992
326 
9 
dca-dcg 1992
327 
8 
jai-dch 1992
328 
9 
bcef-dci 1992
329 
8 
jcg-dcj 1992
330 
4 
bjj-dda 1992
331 
11 
bdge-ddb 1992
332 
9 
bfjb-ddc 1992
333 
5 
beef-ddd 1992
334 
17 
ghh-dde 1992
335 
12 
fcf-ddf 1992
336 
7 
eid-ddg 1992
337 
6 
baa-ddh 1992
338 
10 
ehd-ddi 1992
339 
11 
ecg-ddj 1992
340 
12 
ejd-dea 1992
341 
10 
cbi-deb 1992
342 
7 
bfg-dec 1992
343 
7 
ihf-ded 1992
344 
13 
fji-dee 1992
345 
7 
jfi-def 1992
346 
9 
fhd-deg 1992
347 
11 
dj-deh 1992
348 
12 
fif-dei 1992
349 
12 
bcah-dej 1992
350 
10 
fie-dfa 1992
351 
7 
e-dfb 1992
352 
12 
fgj-dfc 1992
353 
10 
idj-dfd 1992
354 
6 
baac-dfe 1992
355 
11 
hii-dff 1992
356 
7 
eib-dfg 1992
357 
11 
fhb-dfh 1992
358 
13 
hgh-dfi 1992
359 
7 
bbah-dfj 1992
360 
6 
bcdg-dga 1992
361 
5 
bcae-dgb 1992
362 
9 
jic-dgc 1992
363 
12 
bbjf-dgd 1992
364 
10 
bccf-dge 1992
365 
8 
bbba-dgf 1992
366 
5 
bg-dgg 1992
367 
7 
idi-dgh 1992
368 
6 
deb-dgi 1992
369 
7 
gg-dgj 1992
370 
13 
dij-dha 1992
371 
8 
ebh-dhb 1992
372 
12 
dbg-dhc 1992
373 
12 
baeg-dhd 1992
374 
11 
bbhi-dhe 1992
375 
10 
baga-dhf 1992
376 
6 
bfe-dhg 1992
377 
7 
bdac-dhh 1992
378 
8 
ihg-dhi 1992
379 
10 
ddj-dhj 1992
380 
9 
ecg-dia 1992
381 
4 
dhj-dib 1992
382 
10 
edj-dic 1992
383 
11 
bab-did 1992
384 
11 
baag-die 1992
385 
3 
bbdh-dif 1992
386 
7 
fcd-dig 1992
387 
3 
fdg-dih 1992
388 
6 
bage-dii 1992
389 
8 
ici-dij 1992
390 
8 
bhe-dja 1992
391 
8 
jjj-djb 1992
392 
5 
jaj-djc 1992
393 
9 
ifd-djd 1992
394 
10 
beaj-dje 1992
395 
5 
di-djf 1992
396 
10 
hca-djg 1992
397 
12 
cjc-djh 1992
398 
4 
hhj-dji 1992
399 
8 
jib-djj 1992
400 
9 
bee-eaa 1992
401 
9 
bbga-eab 1992
402 
10 
cej-eac 1992
403 
8 
caf-ead 1992
404 
10 
icb-eae 1992
405 
4 
fgj-eaf 1992
406 
9 
gff-eag 1992
407 
9 
bbcf-eah 1992
408 
5 
bbec-eai 1992
409 
6 
beec-eaj 1992
410 
7 
bif-eba 1992
411 
9 
iij-ebb 1992
412 
7 
baej-ebc 1992
413 
9 
bdae-ebd 1992
414 
15 
df-ebe 1992
415 
7 
ijf-ebf 1992
416 
4 
fga-ebg 1992
417 
10 
icg-ebh 1992
418 
3 
hfe-ebi 1992
419 
8 
jgc-ebj 1992
420 
7 
jga-eca 1992
421 
4 
bchc-ecb 1992
422 
14 
bdch-ecc 1992
423 
8 
jfj-ecd 1992
424 
7 
eaa-ece 1992
425 
9 
beh-ecf 1992
426 
6 
bcca-ecg 1992
427 
7 
hcd-ech 1992
428 
6 
hcg-eci 1992
429 
5 
ihi-ecj 1992
430 
10 
dhf-eda 1992
431 
7 
gdd-edb 1992
432 
5 
baa-edc 1992
433 
6 
cbe-edd 1992
434 
8 
jh-ede 1992
435 
10 
hba-edf 1992
436 
8 
cde-edg 1992
437 
8 
bbgb-edh 1992
438 
13 
egf-edi 1992
439 
5 
egf-edj 1992
440 
11 
gcc-eea 1992
441 
6 
hgh-eeb 1992
442 
7 
hci-eec 1992
443 
9 
iaa-eed 1992
444 
5 
idg-eee 1992
445 
6 
bdg-eef 1992
446 
13 
bfc-eeg 1992
447 
4 
gbb-eeh 1992
448 
10 
beed-eei 1992
449 
4 
bcih-eej 1992
450 
11 
jia-efa 1992
451 
5 
ehc-efb 1992
452 
5 
ehd-efc 1992
453 
5 
fei-efd 1992
454 
4 
bcdb-efe 1992
455 
11 
bjf-eff 1992
456 
10 
bcad-efg 1992
457 
10 
iic-efh 1992
458 
5 
eec-efi 1992
459 
13 
bbfa-efj 1992
460 
14 
bja-ega 1992
461 
6 
bcdf-egb 1992
462 
4 
ddc-egc 1992
463 
6 
cfa-egd 1992
464 
8 
ifi-ege 1992
465 
7 
ifd-egf 1992
466 
5 
idd-egg 1992
467 
5 
iid-egh 1992
468 
4 
hef-egi 1992
469 
8 
jdg-egj 1992
470 
7 
cgh-eha 1992
471 
8 
hib-ehb 1992
472 
4 
iad-ehc 1992
473 
5 
hcb-ehd 1992
474 
4 
ibh-ehe 1992
475 
7 
fag-ehf 1992
476 
10 
edf-ehg 1992
477 
5 
ecf-ehh 1992
478 
9 
jfd-ehi 1992
479 
7 
bcgj-ehj 1992
480 
7 
ddb-eia 1992
481 
8 
iih-eib 1992
482 
7 
bdfb-eic 1992
483 
8 
bfhj-eid 1992
484 
9 
gbb-eie 1992
485 
5 
fdf-eif 1992
486 
8 
bfeh-eig 1992
487 
6 
ifi-eih 1992
488 
5 
bfdi-eii 1992
489 
8 
jae-eij 1992
490 
5 
babi-eja 1992
491 
3 
ibd-ejb 1992
492 
7 
bcbe-ejc 1992
493 
4 
ige-ejd 1992
494 
9 
iei-eje 1992
495 
10 
bfja-ejf 1992
496 
4 
feg-ejg 1992
497 
7 
egb-ejh 1992
498 
6 
hfb-eji 1992
499 
9 
chf-ejj 1992
500 
7 
bbba-faa 1992
501 
4 
dbf-fab 1992
502 
8 
bbii-fac 1992
503 
9 
baei-fad 1992
504 
8 
baba-fae 1992
505 
14 
bcja-faf 1992
506 
9 
dbf-fag 1992
507 
4 
jbj-fah 1992
508 
7 
fdh-fai 1992
509 
8 
bhe-faj 1992
510 
9 
bbdb-fba 1992
511 
11 
jgi-fbb 1992
512 
6 
eeg-fbc 1992
513 
5 
jhc-fbd 1992
514 
7 
bceh-fbe 1992
515 
2 
jbh-fbf 1992
516 
4 
edb-fbg 1992
517 
10 
fdh-fbh 1992
518 
7 
bjb-fbi 1992
519 
6 
hdc-fbj 1992
520 
8 
gaj-fca 1992
521 
8 
bcdf-fcb 1992
522 
5 
bfca-fcc 1992
523 
9 
cba-fcd 1992
524 
5 
baec-fce 1992
525 
9 
ehe-fcf 1992
526 
11 
gcc-fcg 1992
527 
12 
ecb-fch 1992
528 
12 
iba-fci 1992
529 
6 
hge-fcj 1992
530 
6 
bbbd-fda 1992
531 
7 
eha-fdb 1992
532 
8 
bahi-fdc 1992
533 
13 
baei-fdd 1992
534 
3 
egb-fde 1992
535 
6 
ibe-fdf 1992
536 
6 
bach-fdg 1992
537 
10 
deb-fdh 1992
538 
2 
jii-fdi 1992
539 
5 
bdfh-fdj 1992
540 
6 
bdcd-fea 1992
541 
10 
ieb-feb 1992
542 
7 
bfcg-fec 1992
543 
10 
hdi-fed 1992
544 
9 
bbaa-fee 1992
545 
6 
bfdg-fef 1992
546 
7 
hgh-feg 1992
547 
6 
djg-feh 1992
548 
7 
begd-fei 1992
549 
6 
gcg-fej 1992
550 
9 
bfef-ffa 1992
551 
8 
dab-ffb 1992
552 
5 
hbb-ffc 1992
553 
8 
dij-ffd 1992
554 
4 
hdc-ffe 1992
555 
8 
hfd-fff 1992
556 
2 
ffi-ffg 1992
557 
7 
e-ffh 1992
558 
9 
bcdd-ffi 1992
559 
5 
gfi-ffj 1992
560 
12 
bhe-fga 1992
561 
4 
gff-fgb 1992
562 
7 
bagf-fgc 1992
563 
7 
bfic-fgd 1992
564 
6 
gjf-fge 1992
565 
3 
ha-fgf 1992
566 
4 
ice-fgg 1992
567 
3 
jcf-fgh 1992
568 
6 
dfg-fgi 1992
569 
6 
ghj-fgj 1992
570 
5 
fhc-fha 1992
571 
9 
bfcb-fhb 1992
572 
9 
bfed-fhc 1992
573 
7 
cih-fhd 1992
574 
10 
ebh-fhe 1992
575 
4 
gad-fhf 1992
576 
6 
bbfh-fhg 1992
577 
2 
cba-fhh 1992
578 
5 
bja-fhi 1992
579 
6 
fag-fhj 1992
580 
6 
gcc-fia 1992
581 
4 
fgb-fib 1992
582 
10 
bgaj-fic 1992
583 
7 
bbaa-fid 1992
584 
8 
efe-fie 1992
585 
8 
gge-fif 1992
586 
8 
eib-fig 1992
587 
3 
id-fih 1992
588 
9 
bagb-fii 1992
589 
4 
ebj-fij 1992
590 
6 
edj-fja 1992
591 
9 
hae-fjb 1992
592 
12 
cie-fjc 1992
593 
7 
cif-fjd 1992
594 
5 
hci-fje 1992
595 
7 
fhc-fjf 1992
596 
3 
bcfe-fjg 1992
597 
7 
baij-fjh 1992
598 
9 
jbi-fji 1992
599 
4 
bbg-fjj 1992
600 
5 
bacj-gaa 1992
601 
3 
gdh-gab 1992
602 
3 
cca-gac 1992
603 
7 
bdfe-gad 1992
604 
12 
bfi-gae 1992
605 
2 
bjh-gaf 1992
606 
7 
dgc-gag 1992
607 
9 
iaf-gah 1992
608 
2 
gff-gai 1992
609 
4 
di-gaj 1992
610 
7 
bbge-gba 1992
611 
7 
eja-gbb 1992
612 
7 
baab-gbc 1992
613 
6 
fcb-gbd 1992
614 
3 
bgfd-gbe 1992
615 
5 
ccj-gbf 1992
616 
4 
dhh-gbg 1992
617 
3 
ff-gbh 1992
618 
9 
ifc-gbi 1992
619 
8 
bbfi-gbj 1992
620 
7 
hbg-gca 1992
621 
7 
bfbd-gcb 1992
622 
12 
cdh-gcc 1992
623 
5 
egf-gcd 1992
624 
7 
fai-gce 1992
625 
3 
cgj-gcf 1992
626 
6 
ijg-gcg 1992
627 
8 
bdc-gch 1992
628 
6 
igb-gci 1992
629 
3 
ebb-gcj 1992
630 
3 
ihh-gda 1992
631 
5 
eah-gdb 1992
632 
8 
ifc-gdc 1992
633 
5 
bcag-gdd 1992
634 
9 
baeb-gde 1992
635 
5 
bchf-gdf 1992
636 
9 
bddj-gdg 1992
637 
6 
jci-gdh 1992
638 
4 
jcc-gdi 1992
639 
4 
gjg-gdj 1992
640 
6 
dea-gea 1992
641 
7 
hhd-geb 1992
642 
3 
ihd-gec 1992
643 
5 
bdbj-ged 1992
644 
1 
dda-gee 1992
645 
8 
dfi-gef 1992
646 
8 
bfcj-geg 1992
647 
4 
jg-geh 1992
648 
6 
daf-gei 1992
649 
5 
hgi-gej 1992
650 
5 
hbc-gfa 1992
651 
4 
jhj-gfb 1992
652 
5 
bcb-gfc 1992
653 
5 
bdbg-gfd 1992
654 
3 
baci-gfe 1992
655 
10 
idi-gff 1992
656 
5 
bahh-gfg 1992
657 
6 
iga-gfh 1992
658 
6 
becd-gfi 1992
659 
3 
bdba-gfj 1992
660 
4 
bhe-gga 1992
661 
5 
eae-ggb 1992
662 
3 
bgae-ggc 1992
663 
7 
jhh-ggd 1992
664 
11 
efd-gge 1992
665 
6 
jfj-ggf 1992
666 
4 
dij-ggg 1992
667 
1 
cab-ggh 1992
668 
7 
cgh-ggi 1992
669 
3 
cfa-ggj 1992
670 
6 
ifc-gha 1992
671 
10 
bbfg-ghb 1992
672 
8 
beid-ghc 1992
673 
4 
egj-ghd 1992
674 
4 
cji-ghe 1992
675 
2 
ggb-ghf 1992
676 
5 
fhb-ghg 1992
677 
6 
cbc-ghh 1992
678 
4 
daf-ghi 1992
679 
5 
bcbc-ghj 1992
680 
8 
egg-gia 1992
681 
3 
bbhf-gib 1992
682 
6 
dhi-gic 1992
683 
3 
cjj-gid 1992
684 
6 
iih-gie 1992
685 
8 
hge-gif 1992
686 
4 
ijf-gig 1992
687 
5 
badc-gih 1992
688 
6 
baab-gii 1992
689 
6 
ibd-gij 1992
690 
4 
ecd-gja 1992
691 
1 
ebc-gjb 1992
692 
7 
gbe-gjc 1992
693 
4 
gad-gjd 1992
694 
4 
bhc-gje 1992
695 
3 
ieg-gjf 1992
696 
7 
behg-gjg 1992
697 
5 
cbg-gjh 1992
698 
2 
ghe-gji 1992
699 
5 
iii-gjj 1992
700 
4 
bcea-haa 1992
701 
3 
bcfg-hab 1992
702 
4 
gdb-hac 1992
703 
6 
iec-had 1992
704 
7 
bbic-hae 1992
705 
5 
jda-haf 1992
706 
6 
hje-hag 1992
707 
4 
fda-hah 1992
708 
3 
hfh-hai 1992
709 
6 
bdjj-haj 1992
710 
3 
bdbi-hba 1992
711 
4 
fac-hbb 1992
712 
3 
ffc-hbc 1992
713 
6 
bdff-hbd 1992
714 
3 
fc-hbe 1992
715 
4 
fcf-hbf 1992
716 
6 
bdjf-hbg 1992
717 
4 
babe-hbh 1992
718 
4 
jfh-hbi 1992
719 
3 
bedf-hbj 1992
720 
8 
ibe-hca 1992
721 
8 
bahd-hcb 1992
722 
8 
cie-hcc 1992
723 
7 
jee-hcd 1992
724 
7 
ejf-hce 1992
725 
5 
gad-hcf 1992
726 
5 
ibf-hcg 1992
727 
4 
gdg-hch 1992
728 
5 
ggi-hci 1992
729 
7 
bbgd-hcj 1992
730 
5 
dec-hda 1992
731 
4 
bfhg-hdb 1992
732 
6 
befb-hdc 1992
733 
6 
bdg-hdd 1992
734 
4 
jfh-hde 1992
735 
5 
bbha-hdf 1992
736 
3 
fjc-hdg 1992
737 
3 
fec-hdh 1992
738 
4 
beah-hdi 1992
739 
4 
haa-hdj 1992
740 
8 
befg-hea 1992
741 
3 
icg-heb 1992
742 
9 
bdhc-hec 1992
743 
3 
bcbg-hed 1992
744 
4 
bfhd-hee 1992
745 
5 
bjd-hef 1992
746 
7 
bcdd-heg 1992
747 
6 
hii-heh 1992
748 
4 
if-hei 1992
749 
4 
bgbd-hej 1992
750 
8 
dgc-hfa 1992
751 
7 
icd-hfb 1992
752 
4 
gjh-hfc 1992
753 
4 
eih-hfd 1992
754 
6 
bahd-hfe 1992
755 
7 
hge-hff 1992
756 
3 
bbac-hfg 1992
757 
5 
ede-hfh 1992
758 
4 
beih-hfi 1992
759 
3 
bfhi-hfj 1992
760 
4 
bbg-hga 1992
761 
7 
hfc-hgb 1992
762 
5 
hje-hgc 1992
763 
3 
bbfa-hgd 1992
764 
3 
beff-hge 1992
765 
5 
bafe-hgf 1992
766 
3 
baib-hgg 1992
767 
5 
dej-hgh 1992
768 
4 
baja-hgi 1992
769 
2 
bbjj-hgj 1992
770 
7 
ihj-hha 1992
771 
5 
bbaa-hhb 1992
772 
6 
beff-hhc 1992
773 
6 
gaa-hhd 1992
774 
5 
eff-hhe 1992
775 
5 
bafj-hhf 1992
776 
4 
dgd-hhg 1992
777 
2 
haa-hhh 1992
778 
4 
bdci-hhi 1992
779 
9 
bfag-hhj 1992
780 
3 
jdd-hia 1992
781 
4 
bbi-hib 1992
782 
7 
bgcf-hic 1992
783 
2 
bgdg-hid 1992
784 
3 
bgbb-hie 1992
785 
4 
fje-hif 1992
786 
3 
fig-hig 1992
787 
5 
ddh-hih 1992
788 
6 
cgi-hii 1992
789 
7 
bji-hij 1992
790 
2 
fae-hja 1992
791 
4 
cfh-hjb 1992
792 
9 
bbfi-hjc 1992
793 
3 
fef-hjd 1992
794 
4 
bdja-hje 1992
795 
5 
edj-hjf 1992
796 
7 
cfa-hjg 1992
797 
2 
caj-hjh 1992
798 
3 
hfj-hji 1992
799 
8 
fgd-hjj 1992
800 
7 
dhc-iaa 1992
801 
3 
ech-iab 1992
802 
3 
hbi-iac 1992
803 
6 
cgd-iad 1992
804 
5 
cdf-iae 1992
805 
4 
gjf-iaf 1992
806 
5 
bage-iag 1992
807 
5 
dad-iah 1992
808 
4 
dje-iai 1992
809 
6 
bddg-iaj 1992
810 
6 
bafb-iba 1992
811 
4 
iha-ibb 1992
812 
2 
bbgf-ibc 1992
813 
3 
bgcj-ibd 1992
814 
3 
bbcc-ibe 1992
815 
4 
bffh-ibf 1992
816 
5 
fhg-ibg 1992
817 
4 
babb-ibh 1992
818 
6 
fdi-ibi 1992
819 
4 
dfd-ibj 1992
820 
6 
becf-ica 1992
821 
3 
hfi-icb 1992
822 
3 
fdh-icc 1992
823 
9 
hj-icd 1992
824 
4 
ehd-ice 1992
825 
4 
fce-icf 1992
826 
6 
bjj-icg 1992
827 
3 
beei-ich 1992
828 
5 
jc-ici 1992
829 
2 
jie-icj 1992
830 
5 
bcfd-ida 1992
831 
8 
ghi-idb 1992
832 
4 
gjg-idc 1992
833 
5 
bfda-idd 1992
834 
3 
fgc-ide 1992
835 
6 
dh-idf 1992
836 
5 
dhd-idg 1992
837 
5 
bad-idh 1992
838 
9 
bgfa-idi 1992
839 
3 
bcc-idj 1992
840 
4 
bebf-iea 1992
841 
5 
fhb-ieb 1992
842 
6 
hfg-iec 1992
843 
5 
bbid-ied 1992
844 
4 
efc-iee 1992
845 
5 
bfc-ief 1992
846 
6 
idd-ieg 1992
847 
5 
bchj-ieh 1992
848 
6 
efg-iei 1992
849 
2 
bbh-iej 1992
850 
5 
hcf-ifa 1992
851 
3 
dfh-ifb 1992
852 
7 
bchg-ifc 1992
853 
4 
bbhd-ifd 1992
854 
4 
hjf-ife 1992
855 
5 
efe-iff 1992
856 
7 
bgeb-ifg 1992
857 
7 
cid-ifh 1992
858 
3 
bcci-ifi 1992
859 
2 
chb-ifj 1992
860 
4 
ebb-iga 1992
861 
2 
cif-igb 1992
862 
3 
bcgi-igc 1992
863 
5 
ggg-igd 1992
864 
5 
hjc-ige 1992
865 
1 
egi-igf 1992
866 
2 
babd-igg 1992
867 
1 
hag-igh 1992
868 
3 
bcbj-igi 1992
869 
6 
jba-igj 1992
870 
4 
bcdj-iha 1992
871 
2 
bbcj-ihb 1992
872 
6 
ehj-ihc 1992
873 
7 
behh-ihd 1992
874 
3 
hdg-ihe 1992
875 
5 
bbad-ihf 1992
876 
5 
gij-ihg 1992
877 
3 
cib-ihh 1992
878 
5 
bdgf-ihi 1992
879 
3 
caf-ihj 1992
880 
3 
fgb-iia 1992
881 
6 
baeb-iib 1992
882 
5 
fag-iic 1992
883 
5 
ffa-iid 1992
884 
5 
bejf-iie 1992
885 
2 
bbei-iif 1992
886 
5 
hcg-iig 1992
887 
1 
hbj-iih 1992
888 
4 
bbib-iii 1992
889 
2 
baaa-iij 1992
890 
4 
iaa-ija 1992
891 
1 
ega-ijb 1992
892 
5 
cgi-ijc 1992
893 
5 
beda-ijd 1992
894 
6 
beef-ije 1992
895 
3 
bj-ijf 1992
896 
3 
behi-ijg 1992
897 
2 
bii-ijh 1992
898 
2 
gd-iji 1992
899 
2 
iaf-ijj 1992
900 
3 
bbjh-jaa 1992
901 
6 
gbe-jab 1992
902 
5 
ghg-jac 1992
903 
3 
bcij-jad 1992
904 
3 
bbih-jae 1992
905 
4 
bdig-jaf 1992
906 
3 
cbc-jag 1992
907 
7 
bchh-jah 1992
908 
5 
gbj-jai 1992
909 
4 
ebd-jaj 1992
910 
3 
gej-jba 1992
911 
4 
dhg-jbb 1992
912 
2 
jca-jbc 1992
913 
3 
bfad-jbd 1992
914 
4 
fbj-jbe 1992
915 
5 
bedi-jbf 1992
916 
5 
ehd-jbg 1992
917 
3 
dbd-jbh 1992
918 
2 
bdcc-jbi 1992
919 
6 
hdc-jbj 1992
920 
4 
jfg-jca 1992
921 
4 
faj-jcb 1992
922 
3 
gfb-jcc 1992
923 
4 
hgh-jcd 1992
924 
2 
bafi-jce 1992
925 
3 
igj-jcf 1992
926 
5 
ggg-jcg 1992
927 
2 
hhh-jch 1992
928 
7 
bfbf-jci 1992
929 
3 
bch-jcj 1992
930 
5 
bdig-jda 1992
931 
6 
hge-jdb 1992
932 
6 
gdh-jdc 1992
933 
3 
dhc-jdd 1992
934 
6 
bi-jde 1992
935 
1 
cbe-jdf 1992
936 
7 
dhj-jdg 1992
937 
1 
ea-jdh 1992
938 
2 
dfb-jdi 1992
939 
4 
jfj-jdj 1992
940 
3 
ije-jea 1992
941 
2 
jad-jeb 1992
942 
5 
ehc-jec 1992
943 
1 
djc-jed 1992
944 
4 
hjb-jee 1992
945 
5 
badj-jef 1992
946 
2 
bbj-jeg 1992
947 
5 
bgdb-jeh 1992
948 
2 
eff-jei 1992
949 
3 
ehb-jej 1992
950 
4 
fdj-jfa 1992
951 
3 
ebb-jfb 1992
952 
3 
jgb-jfc 1992
953 
2 
babc-jfd 1992
954 
4 
bfgb-jfe 1992
955 
4 
egg-jff 1992
956 
4 
bccb-jfg 1992
957 
6 
gfb-jfh 1992
958 
4 
befa-jfi 1992
959 
5 
bdhe-jfj 1992
960 
5 
bfcd-jga 1992
961 
2 
ecd-jgb 1992
962 
5 
ibd-jgc 1992
963 
5 
ghb-jgd 1992
964 
5 
bcgj-jge 1992
965 
6 
i-jgf 1992
966 
3 
heh-jgg 1992
967 
2 
dfc-jgh 1992
968 
2 
iae-jgi 1992
969 
3 
eca-jgj 1992
970 
7 
jia-jha 1992
971 
1 
ejg-jhb 1992
972 
4 
eej-jhc 1992
973 
3 
gba-jhd 1992
974 
4 
bbai-jhe 1992
975 
4 
bajj-jhf 1992
976 
3 
hde-jhg 1992
977 
4 
bfia-jhh 1992
978 
3 
bcj-jhi 1992
979 
2 
eei-jhj 1992
980 
7 
bded-jia 1992
981 
4 
iac-jib 1992
982 
3 
igj-jic 1992
983 
4 
bgfj-jid 1992
984 
3 
baih-jie 1992
985 
4 
hah-jif 1992
986 
3 
gha-jig 1992
987 
3 
bfa-jih 1992
988 
4 
ddf-jii 1992
989 
3 
ge-jij 1992
990 
1 
idh-jja 1992
991 
6 
hja-jjb 1992
992 
4 
bcgb-jjc 1992
993 
1 
daj-jjd 1992
994 
6 
bbcg-jje 1992
995 
2 
hja-jjf 1992
996 
2 
gfc-jjg 1992
997 
1 
geh-jjh 1992
998 
2 
hef-jji 1992
999 
5 
bcci-jjj 1992
1000 
1 
fgi-baaa 1992
1001 
5 
jeg-baab 1992
1002 
3 
jbh-baac 1992
1003 
4 
ceb-baad 1992
1004 
2 
eje-baae 1992
1005 
4 
baae-baaf 1992
1006 
7 
jci-baag 1992
1007 
3 
baef-baah 1992
1008 
4 
baha-baai 1992
1009 
1 
ceb-baaj 1992
1010 
6 
ehi-baba 1992
1011 
3 
djh-babb 1992
1012 
5 
beag-babc 1992
1013 
3 
dfe-babd 1992
1014 
4 
ebj-babe 1992
1015 
2 
begj-babf 1992
1016 
4 
beba-babg 1992
1017 
2 
cbg-babh 1992
1018 
5 
baij-babi 1992
1019 
4 
fdc-babj 1992
1020 
1 
igh-baca 1992
1021 
7 
bgbj-bacb 1992
1022 
4 
gdb-bacc 1992
1023 
2 
jgf-bacd 1992
1024 
2 
bbcd-bace 1992
1025 
1 
ifd-bacf 1992
1026 
2 
bgdb-bacg 1992
1027 
3 
bih-bach 1992
1028 
2 
ejc-baci 1992
1029 
4 
iha-bacj 1992
1030 
6 
gdb-bada 1992
1031 
3 
bdf-badb 1992
1032 
3 
ifg-badc 1992
1033 
3 
bcac-badd 1992
1034 
2 
ega-bade 1992
1035 
2 
fgh-badf 1992
1036 
2 
jhi-badg 1992
1037 
2 
bbgj-badh 1992
1038 
2 
bbdi-badi 1992
1039 
6 
bjf-badj 1992
1040 
6 
hdd-baea 1992
1041 
4 
bdcj-baeb 1992
1042 
5 
jha-baec 1992
1043 
1 
djc-baed 1992
1044 
2 
baeg-baee 1992
1045 
4 
fi-baef 1992
1046 
5 
bcef-baeg 1992
1047 
3 
dfd-baeh 1992
1048 
5 
bcig-baei 1992
1049 
5 
bbhh-baej 1992
1050 
5 
dgj-bafa 1992
1051 
4 
gdg-bafb 1992
1052 
5 
hii-bafc 1992
1053 
2 
cfa-bafd 1992
1054 
4 
fdd-bafe 1992
1055 
3 
bfif-baff 1992
1056 
1 
fdd-bafg 1992
1057 
1 
jbd-bafh 1992
1058 
4 
bhj-bafi 1992
1059 
3 
hef-bafj 1992
1060 
3 
bbag-baga 1992
1061 
3 
fhb-bagb 1992
1062 
1 
gie-bagc 1992
1063 
3 
hgd-bagd 1992
1064 
4 
jhf-bage 1992
1065 
2 
bede-bagf 1992
1066 
5 
fcb-bagg 1992
1067 
6 
cgf-bagh 1992
1068 
4 
bcac-bagi 1992
1069 
3 
jhd-bagj 1992
1070 
4 
bgcc-baha 1992
1071 
2 
bgah-bahb 1992
1072 
2 
hbg-bahc 1992
1073 
6 
dbb-bahd 1992
1074 
2 
bcdi-bahe 1992
1075 
2 
bagd-bahf 1992
1076 
2 
gjc-bahg 1992
1077 
4 
bahg-bahh 1992
1078 
4 
ghc-bahi 1992
1079 
2 
fbe-bahj 1992
1080 
3 
bgg-baia 1992
1081 
2 
iac-baib 1992
1082 
5 
iaa-baic 1992
1083 
2 
bejd-baid 1992
1084 
5 
iaf-baie 1992
1085 
2 
jcb-baif 1992
1086 
4 
edd-baig 1992
1087 
6 
becj-baih 1992
1088 
2 
bbab-baii 1992
1089 
5 
ife-baij 1992
1090 
4 
bcfj-baja 1992
1091 
3 
bafj-bajb 1992
1092 
3 
dhb-bajc 1992
1093 
4 
hha-bajd 1992
1094 
5 
gfi-baje 1992
1095 
5 
bbgi-bajf 1992
1096 
2 
cgf-bajg 1992
1097 
2 
hba-bajh 1992
1098 
2 
baje-baji 1992
1099 
3 
bajf-bajj 1992
1100 
4 
bcfa-bbaa 1992
1101 
2 
bbfc-bbab 1992
1102 
5 
dce-bbac 1992
1103 
4 
jbh-bbad 1992
1104 
6 
gc-bbae 1992
1105 
2 
eff-bbaf 1992
1106 
3 
gff-bbag 1992
1107 
4 
beci-bbah 1992
1108 
4 
bhj-bbai 1992
1109 
1 
ich-bbaj 1992
1110 
5 
hdb-bbba 1992
1111 
1 
hed-bbbb 1992
1112 
1 
dff-bbbc 1992
1113 
4 
baec-bbbd 1992
1114 
3 
bccj-bbbe 1992
1115 
3 
cef-bbbf 1992
1116 
3 
ief-bbbg 1992
1117 
2 
ehg-bbbh 1992
1118 
2 
bac-bbbi 1992
1119 
3 
bgdj-bbbj 1992
1120 
3 
jcc-bbca 1992
1121 
7 
jfd-bbcb 1992
1122 
2 
hbd-bbcc 1992
1123 
3 
baii-bbcd 1992
1124 
2 
iff-bbce 1992
1125 
2 
fhc-bbcf 1992
1126 
3 
ccj-bbcg 1992
1127 
1 
icb-bbch 1992
1128 
2 
babh-bbci 1992
1129 
2 
hee-bbcj 1992
1130 
4 
jde-bbda 1992
1131 
5 
ifa-bbdb 1992
1132 
1 
jh-bbdc 1992
1133 
6 
bci-bbdd 1992
1134 
2 
jif-bbde 1992
1135 
3 
gbi-bbdf 1992
1136 
4 
bgdc-bbdg 1992
1137 
3 
ghb-bbdh 1992
1138 
4 
hbh-bbdi 1992
1139 
1 
ghi-bbdj 1992
1140 
3 
df-bbea 1992
1141 
5 
ihd-bbeb 1992
1142 
3 
bcie-bbec 1992
1143 
3 
jc-bbed 1992
1144 
2 
bdee-bbee 1992
1145 
4 
fjb-bbef 1992
1146 
3 
eca-bbeg 1992
1147 
2 
eg-bbeh 1992
1148 
2 
gej-bbei 1992
1149 
3 
bcbb-bbej 1992
1150 
2 
bacc-bbfa 1992
1151 
5 
baji-bbfb 1992
1152 
3 
ibh-bbfc 1992
1153 
5 
eaa-bbfd 1992
1154 
2 
bbgi-bbfe 1992
1155 
6 
fcc-bbff 1992
1156 
4 
bfee-bbfg 1992
1157 
3 
bbjg-bbfh 1992
1158 
3 
bbej-bbfi 1992
1159 
5 
ifc-bbfj 1992
1160 
2 
jbc-bbga 1992
1161 
4 
hi-bbgb 1992
1162 
1 
bafa-bbgc 1992
1163 
2 
bgag-bbgd 1992
1164 
5 
bbff-bbge 1992
1165 
1 
fcj-bbgf 1992
1166 
5 
bdai-bbgg 1992
1167 
2 
bbei-bbgh 1992
1168 
4 
jgi-bbgi 1992
1169 
4 
bejh-bbgj 1992
1170 
2 
begi-bbha 1992
1171 
2 
iec-bbhb 1992
1172 
3 
cbh-bbhc 1992
1173 
4 
j-bbhd 1992
1174 
4 
bbgb-bbhe 1992
1175 
3 
dia-bbhf 1992
1176 
1 
bai-bbhg 1992
1177 
4 
beee-bbhh 1992
1178 
3 
hgi-bbhi 1992
1179 
1 
c-bbhj 1992
1180 
3 
edb-bbia 1992
1181 
2 
bdi-bbib 1992
1182 
3 
iab-bbic 1992
1183 
1 
bbdd-bbid 1992
1184 
3 
def-bbie 1992
1185 
2 
dcj-bbif 1992
1186 
1 
cig-bbig 1992
1187 
2 
gc-bbih 1992
1188 
2 
bfgf-bbii 1992
1189 
4 
bbdf-bbij 1992
1190 
2 
fec-bbja 1992
1191 
2 
ffj-bbjb 1992
1192 
3 
ii-bbjc 1992
1193 
1 
jig-bbjd 1992
1194 
1 
cbd-bbje 1992
1195 
4 
haj-bbjf 1992
1196 
3 
bagj-bbjg 1992
1197 
2 
bcjb-bbjh 1992
1198 
3 
hhi-bbji 1992
1199 
1 
cig-bbjj 1992
1200 
2 
bgb-bcaa 1992
1201 
5 
gce-bcab 1992
1202 
3 
fa-bcac 1992
1203 
4 
bgcb-bcad 1992
1204 
2 
ibg-bcae 1992
1205 
3 
bcda-bcaf 1992
1206 
2 
bgch-bcag 1992
1207 
2 
eed-bcah 1992
1208 
2 
bbcj-bcai 1992
1209 
1 
bbji-bcaj 1992
1210 
2 
ejb-bcba 1992
1211 
3 
die-bcbb 1992
1212 
5 
bafj-bcbc 1992
1213 
1 
baca-bcbd 1992
1214 
2 
bdd-bcbe 1992
1215 
2 
bged-bcbf 1992
1216 
3 
iea-bcbg 1992
1217 
1 
bhg-bcbh 1992
1218 
3 
jdd-bcbi 1992
1219 
3 
hjj-bcbj 1992
1220 
5 
jfe-bcca 1992
1221 
3 
cid-bccb 1992
1222 
1 
edj-bccc 1992
1223 
3 
bfed-bccd 1992
1224 
2 
eci-bcce 1992
1225 
3 
bfhd-bccf 1992
1226 
2 
begg-bccg 1992
1227 
1 
hjg-bcch 1992
1228 
2 
hjd-bcci 1992
1229 
6 
gbe-bccj 1992
1230 
3 
dh-bcda 1992
1231 
3 
bbeb-bcdb 1992
1232 
5 
bccd-bcdc 1992
1233 
4 
bagh-bcdd 1992
1234 
5 
beje-bcde 1992
1235 
2 
bbef-bcdf 1992
1236 
3 
hjc-bcdg 1992
1237 
2 
faf-bcdh 1992
1238 
4 
cfg-bcdi 1992
1239 
1 
fdb-bcdj 1992
1240 
2 
becb-bcea 1992
1241 
2 
idj-bceb 1992
1242 
1 
dgj-bcec 1992
1243 
2 
bcjd-bced 1992
1244 
6 
bdja-bcee 1992
1245 
2 
fbj-bcef 1992
1246 
1 
cca-bceg 1992
1247 
4 
bdae-bceh 1992
1248 
1 
bci-bcei 1992
1249 
3 
jfh-bcej 1992
1250 
2 
jfh-bcfa 1992
1251 
1 
gbc-bcfb 1992
1252 
2 
cig-bcfc 1992
1253 
3 
idg-bcfd 1992
1254 
2 
jh-bcfe 1992
1255 
4 
begg-bcff 1992
1256 
2 
fjj-bcfg 1992
1257 
1 
egd-bcfh 1992
1258 
1 
ihe-bcfi 1992
1259 
4 
bchb-bcfj 1992
1260 
1 
ghc-bcga 1992
1261 
2 
eai-bcgb 1992
1262 
2 
beih-bcgc 1992
1263 
2 
gba-bcgd 1992
1264 
3 
baih-bcge 1992
1265 
1 
bbga-bcgf 1992
1266 
3 
bfhf-bcgg 1992
1267 
2 
bdjg-bcgh 1992
1268 
4 
fca-bcgi 1992
1269 
4 
beae-bcgj 1992
1270 
2 
deh-bcha 1992
1271 
2 
bdfj-bchb 1992
1272 
2 
cej-bchc 1992
1273 
2 
jbd-bchd 1992
1274 
2 
gcd-bche 1992
1275 
2 
bfag-bchf 1992
1276 
4 
bebi-bchg 1992
1277 
5 
bcjj-bchh 1992
1278 
2 
bcdj-bchi 1992
1279 
3 
jcd-bchj 1992
1280 
5 
bgec-bcia 1992
1281 
5 
bfgd-bcib 1992
1282 
1 
iji-bcic 1992
1283 
2 
bede-bcid 1992
1284 
3 
eic-bcie 1992
1285 
2 
bdjb-bcif 1992
1286 
1 
fae-bcig 1992
1287 
1 
cae-bcih 1992
1288 
3 
jeh-bcii 1992
1289 
1 
ebd-bcij 1992
1290 
4 
hhd-bcja 1992
1291 
2 
dba-bcjb 1992
1292 
3 
bbdg-bcjc 1992
1293 
1 
hdf-bcjd 1992
1294 
1 
bbfh-bcje 1992
1295 
4 
bdjc-bcjf 1992
1296 
2 
eii-bcjg 1992
1297 
1 
dch-bcjh 1992
1298 
2 
ida-bcji 1992
1299 
2 
bfgi-bcjj 1992
1300 
4 
edh-bdaa 1992
1301 
2 
iji-bdab 1992
1302 
2 
cgb-bdac 1992
1303 
3 
ch-bdad 1992
1304 
2 
bahi-bdae 1992
1305 
1 
ga-bdaf 1992
1306 
1 
badg-bdag 1992
1307 
3 
ibd-bdah 1992
1308 
2 
baij-bdai 1992
1309 
2 
hed-bdaj 1992
1310 
1 
bbch-bdba 1992
1311 
1 
jeh-bdbb 1992
1312 
1 
bcgf-bdbc 1992
1313 
1 
cdg-bdbd 1992
1314 
1 
hh-bdbe 1992
1315 
1 
hf-bdbf 1992
1316 
3 
bfii-bdbg 1992
1317 
1 
jhg-bdbh 1992
1318 
3 
dbc-bdbi 1992
1319 
4 
gid-bdbj 1992
1320 
1 
fej-bdca 1992
1321 
2 
ibj-bdcb 1992
1322 
3 
bdhf-bdcc 1992
1323 
2 
bdgd-bdcd 1992
1324 
1 
jfc-bdce 1992
1325 
1 
faa-bdcf 1992
1326 
1 
bce-bdcg 1992
1327 
2 
hgc-bdch 1992
1328 
2 
efh-bdci 1992
1329 
2 
jjc-bdcj 1992
1330 
2 
efh-bdda 1992
1331 
1 
bbbg-bddb 1992
1332 
1 
dee-bddc 1992
1333 
2 
bcbf-bddd 1992
1334 
2 
jif-bdde 1992
1335 
3 
bbcc-bddf 1992
1336 
2 
badj-bddg 1992
1337 
2 
bffa-bddh 1992
1338 
1 
fjg-bddi 1992
1339 
3 
bbbe-bddj 1992
1340 
1 
dc-bdea 1992
1341 
2 
bdif-bdeb 1992
1342 
4 
bfaf-bdec 1992
1343 
2 
befd-bded 1992
1344 
3 
gii-bdee 1992
1345 
2 
hbe-bdef 1992
1346 
3 
hdh-bdeg 1992
1347 
2 
cfc-bdeh 1992
1348 
1 
bccd-bdei 1992
1349 
2 
jag-bdej 1992
1350 
3 
hdb-bdfa 1992
1351 
2 
ijg-bdfb 1992
1352 
2 
hdc-bdfc 1992
1353 
2 
bec-bdfd 1992
1354 
2 
gdf-bdfe 1992
1355 
1 
jga-bdff 1992
1356 
2 
bdic-bdfg 1992
1357 
2 
bacc-bdfh 1992
1358 
2 
becc-bdfi 1992
1359 
4 
hae-bdfj 1992
1360 
4 
ihf-bdga 1992
1361 
3 
bead-bdgb 1992
1362 
2 
eba-bdgc 1992
1363 
2 
gbc-bdgd 1992
1364 
1 
baej-bdge 1992
1365 
3 
bfbe-bdgf 1992
1366 
1 
fbh-bdgg 1992
1367 
3 
ghj-bdgh 1992
1368 
2 
bdj-bdgi 1992
1369 
2 
bgdi-bdgj 1992
1370 
4 
behi-bdha 1992
1371 
3 
hbh-bdhb 1992
1372 
2 
bahg-bdhc 1992
1373 
2 
bcbg-bdhd 1992
1374 
4 
bagb-bdhe 1992
1375 
2 
bfae-bdhf 1992
1376 
1 
efd-bdhg 1992
1377 
2 
bdfd-bdhh 1992
1378 
3 
ccf-bdhi 1992
1379 
1 
iah-bdhj 1992
1380 
2 
jgg-bdia 1992
1381 
1 
bcfi-bdib 1992
1382 
1 
hhg-bdic 1992
1383 
1 
beh-bdid 1992
1384 
1 
igc-bdie 1992
1385 
2 
fgc-bdif 1992
1386 
3 
bdge-bdig 1992
1387 
2 
ijf-bdih 1992
1388 
2 
cch-bdii 1992
1389 
1 
fbg-bdij 1992
1390 
2 
bbhb-bdja 1992
1391 
1 
bchd-bdjb 1992
1392 
2 
bfbb-bdjc 1992
1393 
1 
eca-bdjd 1992
1394 
3 
bacj-bdje 1992
1395 
1 
jig-bdjf 1992
1396 
1 
bdef-bdjg 1992
1397 
2 
bfdf-bdjh 1992
1398 
2 
egb-bdji 1992
1399 
2 
bccf-bdjj 1992
1400 
2 
bcfj-beaa 1992
1401 
2 
bdde-beab 1992
1402 
3 
cej-beac 1992
1403 
2 
bib-bead 1992
1404 
1 
bdch-beae 1992
1405 
1 
geb-beaf 1992
1406 
1 
cci-beag 1992
1407 
3 
bgfc-beah 1992
1408 
1 
ida-beai 1992
1409 
2 
dea-beaj 1992
1410 
3 
bbf-beba 1992
1411 
1 
bgf-bebb 1992
1412 
1 
bbah-bebc 1992
1413 
2 
bejj-bebd 1992
1414 
1 
bccd-bebe 1992
1415 
2 
bbfj-bebf 1992
1416 
2 
idj-bebg 1992
1417 
2 
bbgc-bebh 1992
1418 
1 
fad-bebi 1992
1419 
1 
bbec-bebj 1992
1420 
2 
jjf-beca 1992
1421 
3 
bfbj-becb 1992
1422 
2 
haf-becc 1992
1423 
2 
bbii-becd 1992
1424 
1 
fii-bece 1992
1425 
2 
hce-becf 1992
1426 
1 
bagi-becg 1992
1427 
1 
dfj-bech 1992
1428 
1 
bbgj-beci 1992
1429 
2 
hec-becj 1992
1430 
3 
bfhh-beda 1992
1431 
1 
bebd-bedb 1992
1432 
2 
bfaj-bedc 1992
1433 
1 
ceg-bedd 1992
1434 
2 
bbda-bede 1992
1435 
2 
ebh-bedf 1992
1436 
4 
jbg-bedg 1992
1437 
3 
bgai-bedh 1992
1438 
2 
iib-bedi 1992
1439 
1 
igd-bedj 1992
1440 
1 
eii-beea 1992
1441 
4 
hcf-beeb 1992
1442 
1 
jba-beec 1992
1443 
4 
becd-beed 1992
1444 
2 
eff-beee 1992
1445 
2 
icf-beef 1992
1446 
3 
bdeb-beeg 1992
1447 
1 
bdgc-beeh 1992
1448 
1 
bdcg-beei 1992
1449 
2 
cge-beej 1992
1450 
4 
cbc-befa 1992
1451 
1 
babd-befb 1992
1452 
1 
bchf-befc 1992
1453 
3 
iia-befd 1992
1454 
1 
fif-befe 1992
1455 
2 
fid-beff 1992
1456 
1 
bah-befg 1992
1457 
1 
heh-befh 1992
1458 
1 
bahf-befi 1992
1459 
1 
bdgc-befj 1992
1460 
1 
gca-bega 1992
1461 
1 
iie-begb 1992
1462 
2 
bgad-begc 1992
1463 
1 
bdgi-begd 1992
1464 
2 
babb-bege 1992
1465 
1 
dfc-begf 1992
1466 
2 
ifb-begg 1992
1467 
1 
eac-begh 1992
1468 
1 
cff-begi 1992
1469 
2 
bbfb-begj 1992
1470 
3 
hcj-beha 1992
1471 
2 
bfdh-behb 1992
1472 
1 
ifa-behc 1992
1473 
1 
eda-behd 1992
1474 
3 
bgaa-behe 1992
1475 
1 
hdf-behf 1992
1476 
1 
iei-behg 1992
1477 
1 
bcgg-behh 1992
1478 
2 
bgde-behi 1992
1479 
3 
dbd-behj 1992
1480 
1 
ffd-beia 1992
1481 
1 
bdaj-beib 1992
1482 
3 
dg-beic 1992
1483 
2 
iai-beid 1992
1484 
1 
cgc-beie 1992
1485 
3 
gab-beif 1992
1486 
2 
bedd-beig 1992
1487 
2 
ijd-beih 1992
1488 
1 
cbe-beii 1992
1489 
3 
bah-beij 1992
1490 
1 
cid-beja 1992
1491 
1 
bace-bejb 1992
1492 
1 
bbhj-bejc 1992
1493 
1 
badc-bejd 1992
1494 
1 
baag-beje 1992
1495 
1 
jhi-bejf 1992
1496 
2 
bcag-bejg 1992
1497 
1 
bdaa-bejh 1992
1498 
2 
dcf-beji 1992
1499 
1 
cdg-bejj 1992
1500 
2 
ccd-bfaa 1992
1501 
1 
fbi-bfab 1992
1502 
1 
gfc-bfac 1992
1503 
1 
jhc-bfad 1992
1504 
3 
ecc-bfae 1992
1505 
2 
bedh-bfaf 1992
1506 
2 
jai-bfag 1992
1507 
1 
jbf-bfah 1992
1508 
1 
bcaj-bfai 1992
1509 
1 
bcjd-bfaj 1992
1510 
1 
bdgg-bfba 1992
1511 
1 
hda-bfbb 1992
1512 
1 
ijd-bfbc 1992
1513 
3 
fia-bfbd 1992
1514 
1 
behh-bfbe 1992
1515 
2 
efe-bfbf 1992
1516 
1 
hih-bfbg 1992
1517 
1 
f-bfbh 1992
1518 
1 
jjc-bfbi 1992
1519 
1 
beif-bfbj 1992
1520 
1 
ghc-bfca 1992
1521 
3 
gaj-bfcb 1992
1522 
1 
gga-bfcc 1992
1523 
3 
bdbj-bfcd 1992
1524 
1 
jh-bfce 1992
1525 
1 
bca-bfcf 1992
1526 
3 
cjc-bfcg 1992
1527 
1 
bafe-bfch 1992
1528 
1 
fjb-bfci 1992
1529 
2 
dif-bfcj 1992
1530 
2 
baai-bfda 1992
1531 
1 
iih-bfdb 1992
1532 
1 
bfbc-bfdc 1992
1533 
1 
bcgh-bfdd 1992
1534 
1 
jgf-bfde 1992
1535 
1 
ddf-bfdf 1992
1536 
1 
bdfi-bfdg 1992
1537 
1 
bdec-bfdh 1992
1538 
2 
fgc-bfdi 1992
1539 
2 
bddd-bfdj 1992
1540 
1 
jdg-bfea 1992
1541 
1 
ggf-bfeb 1992
1542 
2 
bdge-bfec 1992
1543 
2 
iia-bfed 1992
1544 
2 
fhi-bfee 1992
1545 
4 
ied-bfef 1992
1546 
1 
dfb-bfeg 1992
1547 
1 
fdc-bfeh 1992
1548 
1 
cbf-bfei 1992
1549 
1 
bdia-bfej 1992
1550 
1 
iab-bffa 1992
1551 
1 
bda-bffb 1992
1552 
1 
iai-bffc 1992
1553 
1 
egi-bffd 1992
1554 
1 
jai-bffe 1992
1555 
1 
becg-bfff 1992
1556 
1 
gci-bffg 1992
1557 
1 
ghi-bffh 1992
1558 
1 
ed-bffi 1992
1559 
1 
eda-bffj 1992
1560 
2 
dcg-bfga 1992
1561 
2 
beif-bfgb 1992
1562 
1 
bdac-bfgc 1992
1563 
1 
ihj-bfgd 1992
1564 
1 
chj-bfge 1992
1565 
2 
bgga-bfgf 1992
1566 
1 
ec-bfgg 1992
1567 
1 
bbie-bfgh 1992
1568 
3 
bgej-bfgi 1992
1569 
1 
bdd-bfgj 1992
1570 
1 
cga-bfha 1992
1571 
1 
bhg-bfhb 1992
1572 
1 
dgd-bfhc 1992
1573 
1 
bdgb-bfhd 1992
1574 
1 
bfi-bfhe 1992
1575 
2 
jjj-bfhf 1992
1576 
2 
bfhi-bfhg 1992
1577 
1 
ibh-bfhh 1992
1578 
1 
ice-bfhi 1992
1579 
2 
bejj-bfhj 1992
1580 
1 
df-bfia 1992
1581 
1 
bdca-bfib 1992
1582 
2 
igc-bfic 1992
1583 
1 
hfa-bfid 1992
1584 
1 
ceh-bfie 1992
1585 
2 
dfi-bfif 1992
1586 
1 
bceb-bfig 1992
1587 
1 
cif-bfih 1992
1588 
2 
hjg-bfii 1992
1589 
1 
gih-bfij 1992
1590 
1 
bie-bfja 1992
1591 
1 
icj-bfjb 1992
1592 
1 
bej-bfjc 1992
1593 
1 
bajd-bfjd 1992
1594 
1 
bfba-bfje 1992
1595 
1 
cdg-bfjf 1992
1596 
1 
bdej-bfjg 1992
1597 
1 
bcga-bfjh 1992
1598 
1 
bebd-bfji 1992
1599 
1 
hhg-bfjj 1992
1600 
1 
bcdd-bgaa 1992
1601 
1 
fga-bgab 1992
1602 
1 
babg-bgac 1992
1603 
1 
bdba-bgad 1992
1604 
1 
bajd-bgae 1992
1605 
1 
beab-bgaf 1992
1606 
1 
bed-bgag 1992
1607 
1 
bdhi-bgah 1992
1608 
1 
baji-bgai 1992
1609 
1 
egb-bgaj 1992
1610 
1 
ddd-bgba 1992
1611 
1 
dib-bgbb 1992
1612 
1 
bba-bgbc 1992
1613 
2 
bfje-bgbd 1992
1614 
1 
bfhe-bgbe 1992
1615 
1 
bbfa-bgbf 1992
1616 
1 
dff-bgbg 1992
1617 
2 
bgfh-bgbh 1992
1618 
1 
bfjc-bgbi 1992
1619 
1 
cbj-bgbj 1992
1620 
1 
hjh-bgca 1992
1621 
1 
icd-bgcb 1992
1622 
2 
dga-bgcc 1992
1623 
1 
djf-bgcd 1992
1624 
1 
bacd-bgce 1992
1625 
1 
cib-bgcf 1992
1626 
1 
cba-bgcg 1992
1627 
1 
cga-bgch 1992
1628 
2 
hje-bgci 1992
1629 
1 
beeg-bgcj 1992
1630 
1 
bcai-bgda 1992
1631 
1 
jdd-bgdb 1992
1632 
1 
gbb-bgdc 1992
1633 
3 
ede-bgdd 1992
1634 
1 
beic-bgde 1992
1635 
1 
bbia-bgdf 1992
1636 
1 
baf-bgdg 1992
1637 
1 
hhh-bgdh 1992
1638 
2 
bach-bgdi 1992
1639 
1 
jdb-bgdj 1992
1640 
1 
bcia-bgea 1992
1641 
1 
ega-bgeb 1992
1642 
2 
djd-bgec 1992
1643 
1 
behi-bged 1992
1644 
1 
hjf-bgee 1992
1645 
1 
fed-bgef 1992
1646 
1 
baca-bgeg 1992
1647 
1 
bece-bgeh 1992
1648 
1 
bgca-bgei 1992
1649 
1 
jej-bgej 1992
1650 
1 
bddj-bgfa 1992
1651 
1 
bhh-bgfb 1992
1652 
1 
bfjg-bgfc 1992
1653 
2 
gif-bgfd 1992
1654 
1 
bfcf-bgfe 1992
1655 
1 
bcgh-bgff 1992
1656 
1 
bce-bgfg 1992
1657 
1 
bgbi-bgfh 1992
1658 
1 
bie-bgfi 1992
1659 
1 
eef-bgfj 1992
1660 
1 
bdhi-bgga 1992
1661 
1 
bdhg-bggb 1992
